<?xml version="1.0" encoding="UTF-8"?>
<TestRun id="4be6bc6e-ae81-4004-bdc7-582a6f030505" name="s.roth@DEV4167 2013-06-11 16:05:19" runUser="EXT\s.roth" xmlns="http://microsoft.com/schemas/VisualStudio/TeamTest/2010">
  <TestSettings name="Lokal" id="b2d2d2c3-79e7-47e7-bc47-7ecb5392ced3">
    <Description>Dies sind die standardmäßigen Testeinstellungen für einen lokalen Testlauf.</Description>
    <Deployment enabled="false" runDeploymentRoot="s.roth_DEV4167 2013-06-11 16_05_19">
      <DeploymentItem filename="C:\Program Files (x86)\Microsoft ASP.NET\ASP.NET Web Pages\v2.0\Assemblies\WebMatrix.Data.dll" />
      <DeploymentItem filename="C:\Users\s.roth\Documents\Visual Studio 2010\Projects\OnlineShop\packages\DotNetOpenAuth.Core.4.0.3.12153\lib\net40-full\DotNetOpenAuth.Core.dll" />
      <DeploymentItem filename="C:\Program Files (x86)\Microsoft ASP.NET\ASP.NET MVC 4\Assemblies\System.Web.Mvc.dll" />
      <DeploymentItem filename="C:\Users\s.roth\Documents\Visual Studio 2010\Projects\OnlineShop\packages\DotNetOpenAuth.OpenId.RelyingParty.4.0.3.12153\lib\net40-full\DotNetOpenAuth.OpenId.RelyingParty.dll" />
      <DeploymentItem filename="C:\Users\s.roth\Documents\Visual Studio 2010\Projects\OnlineShop\packages\EntityFramework.5.0.0\lib\net40\EntityFramework.dll" />
      <DeploymentItem filename="C:\Users\s.roth\Documents\Visual Studio 2010\Projects\OnlineShop\packages\Newtonsoft.Json.4.5.6\lib\net40\Newtonsoft.Json.dll" />
      <DeploymentItem filename="C:\Program Files (x86)\Microsoft ASP.NET\ASP.NET Web Pages\v2.0\Assemblies\System.Web.WebPages.Razor.dll" />
      <DeploymentItem filename="C:\Program Files (x86)\Microsoft ASP.NET\ASP.NET Web Pages\v2.0\Assemblies\Microsoft.Web.WebPages.OAuth.dll" />
      <DeploymentItem filename="C:\Program Files (x86)\Microsoft ASP.NET\ASP.NET Web Pages\v2.0\Assemblies\System.Web.WebPages.Deployment.dll" />
      <DeploymentItem filename="C:\Users\s.roth\Documents\Visual Studio 2010\Projects\OnlineShop\packages\DotNetOpenAuth.OpenId.Core.4.0.3.12153\lib\net40-full\DotNetOpenAuth.OpenId.dll" />
      <DeploymentItem filename="C:\Program Files (x86)\Microsoft ASP.NET\ASP.NET Web Pages\v2.0\Assemblies\System.Web.Razor.dll" />
      <DeploymentItem filename="C:\Users\s.roth\Documents\Visual Studio 2010\Projects\OnlineShop\packages\DotNetOpenAuth.OAuth.Consumer.4.0.3.12153\lib\net40-full\DotNetOpenAuth.OAuth.Consumer.dll" />
      <DeploymentItem filename="C:\Program Files (x86)\Microsoft ASP.NET\ASP.NET Web Pages\v2.0\Assemblies\System.Web.WebPages.dll" />
      <DeploymentItem filename="C:\Users\s.roth\Documents\Visual Studio 2010\Projects\OnlineShop\packages\Microsoft.AspNet.Web.Optimization.1.0.0\lib\net40\System.Web.Optimization.dll" />
      <DeploymentItem filename="C:\Program Files (x86)\Microsoft ASP.NET\ASP.NET MVC 4\Assemblies\System.Net.Http.dll" />
      <DeploymentItem filename="C:\Program Files (x86)\Microsoft ASP.NET\ASP.NET Web Pages\v2.0\Assemblies\System.Web.Helpers.dll" />
      <DeploymentItem filename="C:\Users\s.roth\Documents\Visual Studio 2010\Projects\OnlineShop\packages\WebGrease.1.1.0\lib\Antlr3.Runtime.dll" />
      <DeploymentItem filename="C:\Users\s.roth\Documents\Visual Studio 2010\Projects\OnlineShop\packages\WebGrease.1.1.0\lib\WebGrease.dll" />
      <DeploymentItem filename="C:\Users\s.roth\Documents\Visual Studio 2010\Projects\OnlineShop\Online_Shop\bin\Online_Shop.dll" />
      <DeploymentItem filename="C:\Program Files (x86)\Microsoft ASP.NET\ASP.NET Web Pages\v2.0\Assemblies\Microsoft.Web.Infrastructure.dll" />
      <DeploymentItem filename="C:\Program Files (x86)\Microsoft ASP.NET\ASP.NET MVC 4\Assemblies\System.Web.Http.dll" />
      <DeploymentItem filename="C:\Users\s.roth\Documents\Visual Studio 2010\Projects\OnlineShop\packages\DotNetOpenAuth.AspNet.4.0.3.12153\lib\net40-full\DotNetOpenAuth.AspNet.dll" />
      <DeploymentItem filename="C:\Program Files (x86)\Microsoft ASP.NET\ASP.NET MVC 4\Assemblies\System.Net.Http.WebRequest.dll" />
      <DeploymentItem filename="C:\Users\s.roth\Documents\Visual Studio 2010\Projects\OnlineShop\packages\DotNetOpenAuth.OAuth.Core.4.0.3.12153\lib\net40-full\DotNetOpenAuth.OAuth.dll" />
      <DeploymentItem filename="C:\Program Files (x86)\Microsoft ASP.NET\ASP.NET MVC 4\Assemblies\System.Net.Http.Formatting.dll" />
      <DeploymentItem filename="C:\Program Files (x86)\Microsoft ASP.NET\ASP.NET MVC 4\Assemblies\System.Web.Http.WebHost.dll" />
      <DeploymentItem filename="C:\Program Files (x86)\Microsoft ASP.NET\ASP.NET Web Pages\v2.0\Assemblies\WebMatrix.WebData.dll" />
    </Deployment>
    <Execution>
      <TestTypeSpecific />
      <AgentRule name="Execution Agents">
      </AgentRule>
    </Execution>
  </TestSettings>
  <Times creation="2013-06-11T16:05:19.6213506+02:00" queuing="2013-06-11T16:05:19.7543639+02:00" start="2013-06-11T16:05:19.7933678+02:00" finish="2013-06-11T16:05:22.5576442+02:00" />
  <ResultSummary outcome="Failed">
    <Counters total="16" executed="16" passed="14" error="0" failed="2" timeout="0" aborted="0" inconclusive="0" passedButRunAborted="0" notRunnable="0" notExecuted="0" disconnected="0" warning="0" completed="0" inProgress="0" pending="0" />
  </ResultSummary>
  <TestDefinitions>
    <UnitTest name="Delete" storage="c:\users\s.roth\documents\visual studio 2010\projects\onlineshop\unittestsonlineshop\bin\debug\unittestsonlineshop.dll" id="832671e2-8aee-f00d-0943-e82b6075dc78">
      <Execution id="0478e21f-d696-45eb-a2ba-a1f952b73bdc" />
      <TestMethod codeBase="C:/Users/s.roth/Documents/Visual Studio 2010/Projects/OnlineShop/UnitTestsOnlineShop/bin/Debug/UnitTestsOnlineShop.DLL" adapterTypeName="Microsoft.VisualStudio.TestTools.TestTypes.Unit.UnitTestAdapter, Microsoft.VisualStudio.QualityTools.Tips.UnitTest.Adapter, Version=10.0.0.0, Culture=neutral, PublicKeyToken=b03f5f7f11d50a3a" className="UnitTestsOnlineShop.Pos_BeanBagsControllerTest, UnitTestsOnlineShop, Version=1.0.0.0, Culture=neutral, PublicKeyToken=null" name="Delete" />
    </UnitTest>
    <UnitTest name="Index" storage="c:\users\s.roth\documents\visual studio 2010\projects\onlineshop\unittestsonlineshop\bin\debug\unittestsonlineshop.dll" id="2a523fb3-a747-ed3d-8e51-4c8d3535c7f7">
      <Execution id="59968862-9c67-43b4-820f-470a2e7c23fd" />
      <TestMethod codeBase="C:/Users/s.roth/Documents/Visual Studio 2010/Projects/OnlineShop/UnitTestsOnlineShop/bin/Debug/UnitTestsOnlineShop.DLL" adapterTypeName="Microsoft.VisualStudio.TestTools.TestTypes.Unit.UnitTestAdapter, Microsoft.VisualStudio.QualityTools.Tips.UnitTest.Adapter, Version=10.0.0.0, Culture=neutral, PublicKeyToken=b03f5f7f11d50a3a" className="UnitTestsOnlineShop.Pos_BeanBagsControllerTest, UnitTestsOnlineShop, Version=1.0.0.0, Culture=neutral, PublicKeyToken=null" name="Index" />
    </UnitTest>
    <UnitTest name="DeleteConfirmed" storage="c:\users\s.roth\documents\visual studio 2010\projects\onlineshop\unittestsonlineshop\bin\debug\unittestsonlineshop.dll" id="6a34627d-fbe6-9398-584b-c756e3e85e96">
      <Execution id="d2b0381b-16ab-422a-8f3e-2ad9d9b613c2" />
      <TestMethod codeBase="C:/Users/s.roth/Documents/Visual Studio 2010/Projects/OnlineShop/UnitTestsOnlineShop/bin/Debug/UnitTestsOnlineShop.DLL" adapterTypeName="Microsoft.VisualStudio.TestTools.TestTypes.Unit.UnitTestAdapter, Microsoft.VisualStudio.QualityTools.Tips.UnitTest.Adapter, Version=10.0.0.0, Culture=neutral, PublicKeyToken=b03f5f7f11d50a3a" className="UnitTestsOnlineShop.Pos_StoreManagerControllerTest, UnitTestsOnlineShop, Version=1.0.0.0, Culture=neutral, PublicKeyToken=null" name="DeleteConfirmed" />
    </UnitTest>
    <UnitTest name="Edit" storage="c:\users\s.roth\documents\visual studio 2010\projects\onlineshop\unittestsonlineshop\bin\debug\unittestsonlineshop.dll" id="284a05af-f681-25b5-266f-37b67e338827">
      <Execution id="2a5b09d7-373b-475c-8524-a8e0401ff5be" />
      <TestMethod codeBase="C:/Users/s.roth/Documents/Visual Studio 2010/Projects/OnlineShop/UnitTestsOnlineShop/bin/Debug/UnitTestsOnlineShop.DLL" adapterTypeName="Microsoft.VisualStudio.TestTools.TestTypes.Unit.UnitTestAdapter, Microsoft.VisualStudio.QualityTools.Tips.UnitTest.Adapter, Version=10.0.0.0, Culture=neutral, PublicKeyToken=b03f5f7f11d50a3a" className="UnitTestsOnlineShop.Pos_BeanBagsControllerTest, UnitTestsOnlineShop, Version=1.0.0.0, Culture=neutral, PublicKeyToken=null" name="Edit" />
    </UnitTest>
    <UnitTest name="AddressAndPayment" storage="c:\users\s.roth\documents\visual studio 2010\projects\onlineshop\unittestsonlineshop\bin\debug\unittestsonlineshop.dll" id="2c7594c9-0764-e0a3-a1f5-393a267b6019">
      <Execution id="862c9671-3a17-4eee-8033-6acc2046f210" />
      <TestMethod codeBase="C:/Users/s.roth/Documents/Visual Studio 2010/Projects/OnlineShop/UnitTestsOnlineShop/bin/Debug/UnitTestsOnlineShop.DLL" adapterTypeName="Microsoft.VisualStudio.TestTools.TestTypes.Unit.UnitTestAdapter, Microsoft.VisualStudio.QualityTools.Tips.UnitTest.Adapter, Version=10.0.0.0, Culture=neutral, PublicKeyToken=b03f5f7f11d50a3a" className="UnitTestsOnlineShop.Pos_CheckoutControllerTest, UnitTestsOnlineShop, Version=1.0.0.0, Culture=neutral, PublicKeyToken=null" name="AddressAndPayment" />
    </UnitTest>
    <UnitTest name="Edit" storage="c:\users\s.roth\documents\visual studio 2010\projects\onlineshop\unittestsonlineshop\bin\debug\unittestsonlineshop.dll" id="09cb96cf-71cc-5eaa-4dc1-2911571ae4fa">
      <Execution id="95e3885a-87c8-4760-b456-8953ca7db2d8" />
      <TestMethod codeBase="C:/Users/s.roth/Documents/Visual Studio 2010/Projects/OnlineShop/UnitTestsOnlineShop/bin/Debug/UnitTestsOnlineShop.DLL" adapterTypeName="Microsoft.VisualStudio.TestTools.TestTypes.Unit.UnitTestAdapter, Microsoft.VisualStudio.QualityTools.Tips.UnitTest.Adapter, Version=10.0.0.0, Culture=neutral, PublicKeyToken=b03f5f7f11d50a3a" className="UnitTestsOnlineShop.Pos_StoreManagerControllerTest, UnitTestsOnlineShop, Version=1.0.0.0, Culture=neutral, PublicKeyToken=null" name="Edit" />
    </UnitTest>
    <UnitTest name="Browse" storage="c:\users\s.roth\documents\visual studio 2010\projects\onlineshop\unittestsonlineshop\bin\debug\unittestsonlineshop.dll" id="c0c70734-0bee-3c61-00c2-95b07e3d5c71">
      <Execution id="15fbea0c-e28d-4621-9171-3a10a3146810" />
      <TestMethod codeBase="C:/Users/s.roth/Documents/Visual Studio 2010/Projects/OnlineShop/UnitTestsOnlineShop/bin/Debug/UnitTestsOnlineShop.DLL" adapterTypeName="Microsoft.VisualStudio.TestTools.TestTypes.Unit.UnitTestAdapter, Microsoft.VisualStudio.QualityTools.Tips.UnitTest.Adapter, Version=10.0.0.0, Culture=neutral, PublicKeyToken=b03f5f7f11d50a3a" className="UnitTestsOnlineShop.Pos_BeanBagsControllerTest, UnitTestsOnlineShop, Version=1.0.0.0, Culture=neutral, PublicKeyToken=null" name="Browse" />
    </UnitTest>
    <UnitTest name="Index" storage="c:\users\s.roth\documents\visual studio 2010\projects\onlineshop\unittestsonlineshop\bin\debug\unittestsonlineshop.dll" id="52ae6ad8-97b7-3ebe-bd61-025075281116">
      <Execution id="b49d4ebe-d67a-4c52-a641-58be6e7b72ab" />
      <TestMethod codeBase="C:/Users/s.roth/Documents/Visual Studio 2010/Projects/OnlineShop/UnitTestsOnlineShop/bin/Debug/UnitTestsOnlineShop.DLL" adapterTypeName="Microsoft.VisualStudio.TestTools.TestTypes.Unit.UnitTestAdapter, Microsoft.VisualStudio.QualityTools.Tips.UnitTest.Adapter, Version=10.0.0.0, Culture=neutral, PublicKeyToken=b03f5f7f11d50a3a" className="UnitTestsOnlineShop.Pos_StoreManagerControllerTest, UnitTestsOnlineShop, Version=1.0.0.0, Culture=neutral, PublicKeyToken=null" name="Index" />
    </UnitTest>
    <UnitTest name="Details" storage="c:\users\s.roth\documents\visual studio 2010\projects\onlineshop\unittestsonlineshop\bin\debug\unittestsonlineshop.dll" id="f44dfcd5-b1cf-5ab5-6115-3f75904ec3a9">
      <Execution id="6edfbd2e-41cd-46a4-bc46-7f3432d57da4" />
      <TestMethod codeBase="C:/Users/s.roth/Documents/Visual Studio 2010/Projects/OnlineShop/UnitTestsOnlineShop/bin/Debug/UnitTestsOnlineShop.DLL" adapterTypeName="Microsoft.VisualStudio.TestTools.TestTypes.Unit.UnitTestAdapter, Microsoft.VisualStudio.QualityTools.Tips.UnitTest.Adapter, Version=10.0.0.0, Culture=neutral, PublicKeyToken=b03f5f7f11d50a3a" className="UnitTestsOnlineShop.Pos_StoreManagerControllerTest, UnitTestsOnlineShop, Version=1.0.0.0, Culture=neutral, PublicKeyToken=null" name="Details" />
    </UnitTest>
    <UnitTest name="Create" storage="c:\users\s.roth\documents\visual studio 2010\projects\onlineshop\unittestsonlineshop\bin\debug\unittestsonlineshop.dll" id="e5247cdd-8427-86d8-6f78-4b9b230b3665">
      <Execution id="d6b8106b-5ce0-48c1-beb2-e6e436fbaf2e" />
      <TestMethod codeBase="C:/Users/s.roth/Documents/Visual Studio 2010/Projects/OnlineShop/UnitTestsOnlineShop/bin/Debug/UnitTestsOnlineShop.DLL" adapterTypeName="Microsoft.VisualStudio.TestTools.TestTypes.Unit.UnitTestAdapter, Microsoft.VisualStudio.QualityTools.Tips.UnitTest.Adapter, Version=10.0.0.0, Culture=neutral, PublicKeyToken=b03f5f7f11d50a3a" className="UnitTestsOnlineShop.Pos_StoreManagerControllerTest, UnitTestsOnlineShop, Version=1.0.0.0, Culture=neutral, PublicKeyToken=null" name="Create" />
    </UnitTest>
    <UnitTest name="BeanBagTypesMenu" storage="c:\users\s.roth\documents\visual studio 2010\projects\onlineshop\unittestsonlineshop\bin\debug\unittestsonlineshop.dll" id="a1966128-8aae-ab92-f001-1746831aec0f">
      <Execution id="badcc472-cc9b-4390-b9ec-a114227dcb85" />
      <TestMethod codeBase="C:/Users/s.roth/Documents/Visual Studio 2010/Projects/OnlineShop/UnitTestsOnlineShop/bin/Debug/UnitTestsOnlineShop.DLL" adapterTypeName="Microsoft.VisualStudio.TestTools.TestTypes.Unit.UnitTestAdapter, Microsoft.VisualStudio.QualityTools.Tips.UnitTest.Adapter, Version=10.0.0.0, Culture=neutral, PublicKeyToken=b03f5f7f11d50a3a" className="UnitTestsOnlineShop.Pos_BeanBagsControllerTest, UnitTestsOnlineShop, Version=1.0.0.0, Culture=neutral, PublicKeyToken=null" name="BeanBagTypesMenu" />
    </UnitTest>
    <UnitTest name="Create" storage="c:\users\s.roth\documents\visual studio 2010\projects\onlineshop\unittestsonlineshop\bin\debug\unittestsonlineshop.dll" id="c7c823c8-8f7f-2030-4566-6b1fb95809a2">
      <Execution id="2c02b222-d41d-4bf2-aa09-5fa38718e12b" />
      <TestMethod codeBase="C:/Users/s.roth/Documents/Visual Studio 2010/Projects/OnlineShop/UnitTestsOnlineShop/bin/Debug/UnitTestsOnlineShop.DLL" adapterTypeName="Microsoft.VisualStudio.TestTools.TestTypes.Unit.UnitTestAdapter, Microsoft.VisualStudio.QualityTools.Tips.UnitTest.Adapter, Version=10.0.0.0, Culture=neutral, PublicKeyToken=b03f5f7f11d50a3a" className="UnitTestsOnlineShop.Pos_BeanBagsControllerTest, UnitTestsOnlineShop, Version=1.0.0.0, Culture=neutral, PublicKeyToken=null" name="Create" />
    </UnitTest>
    <UnitTest name="Delete" storage="c:\users\s.roth\documents\visual studio 2010\projects\onlineshop\unittestsonlineshop\bin\debug\unittestsonlineshop.dll" id="a72d1287-3044-6296-60f5-ae52c0fe6067">
      <Execution id="4686f22a-34a1-4adb-80eb-5347e4d41439" />
      <TestMethod codeBase="C:/Users/s.roth/Documents/Visual Studio 2010/Projects/OnlineShop/UnitTestsOnlineShop/bin/Debug/UnitTestsOnlineShop.DLL" adapterTypeName="Microsoft.VisualStudio.TestTools.TestTypes.Unit.UnitTestAdapter, Microsoft.VisualStudio.QualityTools.Tips.UnitTest.Adapter, Version=10.0.0.0, Culture=neutral, PublicKeyToken=b03f5f7f11d50a3a" className="UnitTestsOnlineShop.Pos_StoreManagerControllerTest, UnitTestsOnlineShop, Version=1.0.0.0, Culture=neutral, PublicKeyToken=null" name="Delete" />
    </UnitTest>
    <UnitTest name="About" storage="c:\users\s.roth\documents\visual studio 2010\projects\onlineshop\unittestsonlineshop\bin\debug\unittestsonlineshop.dll" id="c249f410-03fb-f616-af49-db36ff6b9b96">
      <Execution id="d83fddb9-cf5d-40e8-9cdc-078657e4e9c9" />
      <TestMethod codeBase="C:/Users/s.roth/Documents/Visual Studio 2010/Projects/OnlineShop/UnitTestsOnlineShop/bin/Debug/UnitTestsOnlineShop.DLL" adapterTypeName="Microsoft.VisualStudio.TestTools.TestTypes.Unit.UnitTestAdapter, Microsoft.VisualStudio.QualityTools.Tips.UnitTest.Adapter, Version=10.0.0.0, Culture=neutral, PublicKeyToken=b03f5f7f11d50a3a" className="UnitTestsOnlineShop.Pos_HomeControllerTest, UnitTestsOnlineShop, Version=1.0.0.0, Culture=neutral, PublicKeyToken=null" name="About" />
    </UnitTest>
    <UnitTest name="Details" storage="c:\users\s.roth\documents\visual studio 2010\projects\onlineshop\unittestsonlineshop\bin\debug\unittestsonlineshop.dll" id="ae50a400-3cf2-d59a-b1dd-878135e94f25">
      <Execution id="28b2740c-9808-4d58-b16a-14c046cd4ac4" />
      <TestMethod codeBase="C:/Users/s.roth/Documents/Visual Studio 2010/Projects/OnlineShop/UnitTestsOnlineShop/bin/Debug/UnitTestsOnlineShop.DLL" adapterTypeName="Microsoft.VisualStudio.TestTools.TestTypes.Unit.UnitTestAdapter, Microsoft.VisualStudio.QualityTools.Tips.UnitTest.Adapter, Version=10.0.0.0, Culture=neutral, PublicKeyToken=b03f5f7f11d50a3a" className="UnitTestsOnlineShop.Pos_BeanBagsControllerTest, UnitTestsOnlineShop, Version=1.0.0.0, Culture=neutral, PublicKeyToken=null" name="Details" />
    </UnitTest>
    <UnitTest name="Index" storage="c:\users\s.roth\documents\visual studio 2010\projects\onlineshop\unittestsonlineshop\bin\debug\unittestsonlineshop.dll" id="e104f986-e0ea-13e1-dd62-9755735d8e13">
      <Execution id="1d18b77f-0e00-40d5-8bb3-bcfb9dffc047" />
      <TestMethod codeBase="C:/Users/s.roth/Documents/Visual Studio 2010/Projects/OnlineShop/UnitTestsOnlineShop/bin/Debug/UnitTestsOnlineShop.DLL" adapterTypeName="Microsoft.VisualStudio.TestTools.TestTypes.Unit.UnitTestAdapter, Microsoft.VisualStudio.QualityTools.Tips.UnitTest.Adapter, Version=10.0.0.0, Culture=neutral, PublicKeyToken=b03f5f7f11d50a3a" className="UnitTestsOnlineShop.Pos_HomeControllerTest, UnitTestsOnlineShop, Version=1.0.0.0, Culture=neutral, PublicKeyToken=null" name="Index" />
    </UnitTest>
  </TestDefinitions>
  <TestLists>
    <TestList name="Nicht in einer Liste enthaltene Ergebnisse" id="8c84fa94-04c1-424b-9868-57a2d4851a1d" />
    <TestList name="Alle geladenen Ergebnisse" id="19431567-8539-422a-85d7-44ee4e166bda" />
  </TestLists>
  <TestEntries>
    <TestEntry testId="09cb96cf-71cc-5eaa-4dc1-2911571ae4fa" executionId="95e3885a-87c8-4760-b456-8953ca7db2d8" testListId="8c84fa94-04c1-424b-9868-57a2d4851a1d" />
    <TestEntry testId="284a05af-f681-25b5-266f-37b67e338827" executionId="2a5b09d7-373b-475c-8524-a8e0401ff5be" testListId="8c84fa94-04c1-424b-9868-57a2d4851a1d" />
    <TestEntry testId="2a523fb3-a747-ed3d-8e51-4c8d3535c7f7" executionId="59968862-9c67-43b4-820f-470a2e7c23fd" testListId="8c84fa94-04c1-424b-9868-57a2d4851a1d" />
    <TestEntry testId="2c7594c9-0764-e0a3-a1f5-393a267b6019" executionId="862c9671-3a17-4eee-8033-6acc2046f210" testListId="8c84fa94-04c1-424b-9868-57a2d4851a1d" />
    <TestEntry testId="52ae6ad8-97b7-3ebe-bd61-025075281116" executionId="b49d4ebe-d67a-4c52-a641-58be6e7b72ab" testListId="8c84fa94-04c1-424b-9868-57a2d4851a1d" />
    <TestEntry testId="6a34627d-fbe6-9398-584b-c756e3e85e96" executionId="d2b0381b-16ab-422a-8f3e-2ad9d9b613c2" testListId="8c84fa94-04c1-424b-9868-57a2d4851a1d" />
    <TestEntry testId="832671e2-8aee-f00d-0943-e82b6075dc78" executionId="0478e21f-d696-45eb-a2ba-a1f952b73bdc" testListId="8c84fa94-04c1-424b-9868-57a2d4851a1d" />
    <TestEntry testId="a1966128-8aae-ab92-f001-1746831aec0f" executionId="badcc472-cc9b-4390-b9ec-a114227dcb85" testListId="8c84fa94-04c1-424b-9868-57a2d4851a1d" />
    <TestEntry testId="a72d1287-3044-6296-60f5-ae52c0fe6067" executionId="4686f22a-34a1-4adb-80eb-5347e4d41439" testListId="8c84fa94-04c1-424b-9868-57a2d4851a1d" />
    <TestEntry testId="ae50a400-3cf2-d59a-b1dd-878135e94f25" executionId="28b2740c-9808-4d58-b16a-14c046cd4ac4" testListId="8c84fa94-04c1-424b-9868-57a2d4851a1d" />
    <TestEntry testId="c0c70734-0bee-3c61-00c2-95b07e3d5c71" executionId="15fbea0c-e28d-4621-9171-3a10a3146810" testListId="8c84fa94-04c1-424b-9868-57a2d4851a1d" />
    <TestEntry testId="c249f410-03fb-f616-af49-db36ff6b9b96" executionId="d83fddb9-cf5d-40e8-9cdc-078657e4e9c9" testListId="8c84fa94-04c1-424b-9868-57a2d4851a1d" />
    <TestEntry testId="c7c823c8-8f7f-2030-4566-6b1fb95809a2" executionId="2c02b222-d41d-4bf2-aa09-5fa38718e12b" testListId="8c84fa94-04c1-424b-9868-57a2d4851a1d" />
    <TestEntry testId="e104f986-e0ea-13e1-dd62-9755735d8e13" executionId="1d18b77f-0e00-40d5-8bb3-bcfb9dffc047" testListId="8c84fa94-04c1-424b-9868-57a2d4851a1d" />
    <TestEntry testId="e5247cdd-8427-86d8-6f78-4b9b230b3665" executionId="d6b8106b-5ce0-48c1-beb2-e6e436fbaf2e" testListId="8c84fa94-04c1-424b-9868-57a2d4851a1d" />
    <TestEntry testId="f44dfcd5-b1cf-5ab5-6115-3f75904ec3a9" executionId="6edfbd2e-41cd-46a4-bc46-7f3432d57da4" testListId="8c84fa94-04c1-424b-9868-57a2d4851a1d" />
  </TestEntries>
  <Results>
    <UnitTestResult executionId="95e3885a-87c8-4760-b456-8953ca7db2d8" testId="09cb96cf-71cc-5eaa-4dc1-2911571ae4fa" testName="Edit" computerName="DEV4167" duration="00:00:01.8296844" startTime="2013-06-11T16:05:19.8263711+02:00" endTime="2013-06-11T16:05:22.0615946+02:00" testType="13cdc9d9-ddb5-4fa4-a97d-d965ccfc6d4b" outcome="Passed" testListId="8c84fa94-04c1-424b-9868-57a2d4851a1d" relativeResultsDirectory="95e3885a-87c8-4760-b456-8953ca7db2d8">
    </UnitTestResult>
    <UnitTestResult executionId="2a5b09d7-373b-475c-8524-a8e0401ff5be" testId="284a05af-f681-25b5-266f-37b67e338827" testName="Edit" computerName="DEV4167" duration="00:00:00.0143516" startTime="2013-06-11T16:05:22.0695954+02:00" endTime="2013-06-11T16:05:22.0875972+02:00" testType="13cdc9d9-ddb5-4fa4-a97d-d965ccfc6d4b" outcome="Passed" testListId="8c84fa94-04c1-424b-9868-57a2d4851a1d" relativeResultsDirectory="2a5b09d7-373b-475c-8524-a8e0401ff5be">
    </UnitTestResult>
    <UnitTestResult executionId="59968862-9c67-43b4-820f-470a2e7c23fd" testId="2a523fb3-a747-ed3d-8e51-4c8d3535c7f7" testName="Index" computerName="DEV4167" duration="00:00:00.0161176" startTime="2013-06-11T16:05:22.1045989+02:00" endTime="2013-06-11T16:05:22.1266011+02:00" testType="13cdc9d9-ddb5-4fa4-a97d-d965ccfc6d4b" outcome="Passed" testListId="8c84fa94-04c1-424b-9868-57a2d4851a1d" relativeResultsDirectory="59968862-9c67-43b4-820f-470a2e7c23fd">
    </UnitTestResult>
    <UnitTestResult executionId="862c9671-3a17-4eee-8033-6acc2046f210" testId="2c7594c9-0764-e0a3-a1f5-393a267b6019" testName="AddressAndPayment" computerName="DEV4167" duration="00:00:00.0021963" startTime="2013-06-11T16:05:22.1396024+02:00" endTime="2013-06-11T16:05:22.1536038+02:00" testType="13cdc9d9-ddb5-4fa4-a97d-d965ccfc6d4b" outcome="Passed" testListId="8c84fa94-04c1-424b-9868-57a2d4851a1d" relativeResultsDirectory="862c9671-3a17-4eee-8033-6acc2046f210">
    </UnitTestResult>
    <UnitTestResult executionId="b49d4ebe-d67a-4c52-a641-58be6e7b72ab" testId="52ae6ad8-97b7-3ebe-bd61-025075281116" testName="Index" computerName="DEV4167" duration="00:00:00.0675939" startTime="2013-06-11T16:05:22.1686053+02:00" endTime="2013-06-11T16:05:22.2406125+02:00" testType="13cdc9d9-ddb5-4fa4-a97d-d965ccfc6d4b" outcome="Passed" testListId="8c84fa94-04c1-424b-9868-57a2d4851a1d" relativeResultsDirectory="b49d4ebe-d67a-4c52-a641-58be6e7b72ab">
    </UnitTestResult>
    <UnitTestResult executionId="d2b0381b-16ab-422a-8f3e-2ad9d9b613c2" testId="6a34627d-fbe6-9398-584b-c756e3e85e96" testName="DeleteConfirmed" computerName="DEV4167" duration="00:00:00.0339944" startTime="2013-06-11T16:05:22.2456130+02:00" endTime="2013-06-11T16:05:22.2866171+02:00" testType="13cdc9d9-ddb5-4fa4-a97d-d965ccfc6d4b" outcome="Failed" testListId="8c84fa94-04c1-424b-9868-57a2d4851a1d" relativeResultsDirectory="d2b0381b-16ab-422a-8f3e-2ad9d9b613c2">
      <Output>
        <ErrorInfo>
          <Message>Assert.IsNotNull failed. </Message>
          <StackTrace>   at UnitTestsOnlineShop.Pos_StoreManagerControllerTest.DeleteConfirmed() in C:\Users\s.roth\Documents\Visual Studio 2010\Projects\OnlineShop\UnitTestsOnlineShop\Controller Tests Positive\Pos_StoreManagerControllerTest.cs:line 117
</StackTrace>
        </ErrorInfo>
      </Output>
    </UnitTestResult>
    <UnitTestResult executionId="0478e21f-d696-45eb-a2ba-a1f952b73bdc" testId="832671e2-8aee-f00d-0943-e82b6075dc78" testName="Delete" computerName="DEV4167" duration="00:00:00.0077026" startTime="2013-06-11T16:05:22.2986183+02:00" endTime="2013-06-11T16:05:22.3126197+02:00" testType="13cdc9d9-ddb5-4fa4-a97d-d965ccfc6d4b" outcome="Failed" testListId="8c84fa94-04c1-424b-9868-57a2d4851a1d" relativeResultsDirectory="0478e21f-d696-45eb-a2ba-a1f952b73bdc">
      <Output>
        <ErrorInfo>
          <Message>Test method UnitTestsOnlineShop.Pos_BeanBagsControllerTest.Delete threw exception: 
System.NullReferenceException: Object reference not set to an instance of an object.</Message>
          <StackTrace>    at UnitTestsOnlineShop.Pos_BeanBagsControllerTest.Delete() in C:\Users\s.roth\Documents\Visual Studio 2010\Projects\OnlineShop\UnitTestsOnlineShop\Controller Tests Positive\Pos_BeanBagsControllerTest.cs:line 101
</StackTrace>
        </ErrorInfo>
      </Output>
    </UnitTestResult>
    <UnitTestResult executionId="badcc472-cc9b-4390-b9ec-a114227dcb85" testId="a1966128-8aae-ab92-f001-1746831aec0f" testName="BeanBagTypesMenu" computerName="DEV4167" duration="00:00:00.0164669" startTime="2013-06-11T16:05:22.3156200+02:00" endTime="2013-06-11T16:05:22.3396224+02:00" testType="13cdc9d9-ddb5-4fa4-a97d-d965ccfc6d4b" outcome="Passed" testListId="8c84fa94-04c1-424b-9868-57a2d4851a1d" relativeResultsDirectory="badcc472-cc9b-4390-b9ec-a114227dcb85">
    </UnitTestResult>
    <UnitTestResult executionId="4686f22a-34a1-4adb-80eb-5347e4d41439" testId="a72d1287-3044-6296-60f5-ae52c0fe6067" testName="Delete" computerName="DEV4167" duration="00:00:00.0150126" startTime="2013-06-11T16:05:22.3436228+02:00" endTime="2013-06-11T16:05:22.3676252+02:00" testType="13cdc9d9-ddb5-4fa4-a97d-d965ccfc6d4b" outcome="Passed" testListId="8c84fa94-04c1-424b-9868-57a2d4851a1d" relativeResultsDirectory="4686f22a-34a1-4adb-80eb-5347e4d41439">
    </UnitTestResult>
    <UnitTestResult executionId="28b2740c-9808-4d58-b16a-14c046cd4ac4" testId="ae50a400-3cf2-d59a-b1dd-878135e94f25" testName="Details" computerName="DEV4167" duration="00:00:00.0138696" startTime="2013-06-11T16:05:22.3716256+02:00" endTime="2013-06-11T16:05:22.3916276+02:00" testType="13cdc9d9-ddb5-4fa4-a97d-d965ccfc6d4b" outcome="Passed" testListId="8c84fa94-04c1-424b-9868-57a2d4851a1d" relativeResultsDirectory="28b2740c-9808-4d58-b16a-14c046cd4ac4">
    </UnitTestResult>
    <UnitTestResult executionId="15fbea0c-e28d-4621-9171-3a10a3146810" testId="c0c70734-0bee-3c61-00c2-95b07e3d5c71" testName="Browse" computerName="DEV4167" duration="00:00:00.0651939" startTime="2013-06-11T16:05:22.3946279+02:00" endTime="2013-06-11T16:05:22.4666351+02:00" testType="13cdc9d9-ddb5-4fa4-a97d-d965ccfc6d4b" outcome="Passed" testListId="8c84fa94-04c1-424b-9868-57a2d4851a1d" relativeResultsDirectory="15fbea0c-e28d-4621-9171-3a10a3146810">
    </UnitTestResult>
    <UnitTestResult executionId="d83fddb9-cf5d-40e8-9cdc-078657e4e9c9" testId="c249f410-03fb-f616-af49-db36ff6b9b96" testName="About" computerName="DEV4167" duration="00:00:00.0007503" startTime="2013-06-11T16:05:22.4696354+02:00" endTime="2013-06-11T16:05:22.4756360+02:00" testType="13cdc9d9-ddb5-4fa4-a97d-d965ccfc6d4b" outcome="Passed" testListId="8c84fa94-04c1-424b-9868-57a2d4851a1d" relativeResultsDirectory="d83fddb9-cf5d-40e8-9cdc-078657e4e9c9">
    </UnitTestResult>
    <UnitTestResult executionId="2c02b222-d41d-4bf2-aa09-5fa38718e12b" testId="c7c823c8-8f7f-2030-4566-6b1fb95809a2" testName="Create" computerName="DEV4167" duration="00:00:00.0003500" startTime="2013-06-11T16:05:22.4796364+02:00" endTime="2013-06-11T16:05:22.4836368+02:00" testType="13cdc9d9-ddb5-4fa4-a97d-d965ccfc6d4b" outcome="Passed" testListId="8c84fa94-04c1-424b-9868-57a2d4851a1d" relativeResultsDirectory="2c02b222-d41d-4bf2-aa09-5fa38718e12b">
    </UnitTestResult>
    <UnitTestResult executionId="1d18b77f-0e00-40d5-8bb3-bcfb9dffc047" testId="e104f986-e0ea-13e1-dd62-9755735d8e13" testName="Index" computerName="DEV4167" duration="00:00:00.0041531" startTime="2013-06-11T16:05:22.4866371+02:00" endTime="2013-06-11T16:05:22.4966381+02:00" testType="13cdc9d9-ddb5-4fa4-a97d-d965ccfc6d4b" outcome="Passed" testListId="8c84fa94-04c1-424b-9868-57a2d4851a1d" relativeResultsDirectory="1d18b77f-0e00-40d5-8bb3-bcfb9dffc047">
    </UnitTestResult>
    <UnitTestResult executionId="d6b8106b-5ce0-48c1-beb2-e6e436fbaf2e" testId="e5247cdd-8427-86d8-6f78-4b9b230b3665" testName="Create" computerName="DEV4167" duration="00:00:00.0098020" startTime="2013-06-11T16:05:22.4996384+02:00" endTime="2013-06-11T16:05:22.5146399+02:00" testType="13cdc9d9-ddb5-4fa4-a97d-d965ccfc6d4b" outcome="Passed" testListId="8c84fa94-04c1-424b-9868-57a2d4851a1d" relativeResultsDirectory="d6b8106b-5ce0-48c1-beb2-e6e436fbaf2e">
    </UnitTestResult>
    <UnitTestResult executionId="6edfbd2e-41cd-46a4-bc46-7f3432d57da4" testId="f44dfcd5-b1cf-5ab5-6115-3f75904ec3a9" testName="Details" computerName="DEV4167" duration="00:00:00.0098746" startTime="2013-06-11T16:05:22.5176402+02:00" endTime="2013-06-11T16:05:22.5326417+02:00" testType="13cdc9d9-ddb5-4fa4-a97d-d965ccfc6d4b" outcome="Passed" testListId="8c84fa94-04c1-424b-9868-57a2d4851a1d" relativeResultsDirectory="6edfbd2e-41cd-46a4-bc46-7f3432d57da4">
    </UnitTestResult>
  </Results>
</TestRun>