<?xml version="1.0" encoding="UTF-8"?>
<TestRun id="ad2e3ecf-546e-4e10-91c3-ae52c55f9e26" name="s.roth@DEV4167 2013-06-11 16:10:10" runUser="EXT\s.roth" xmlns="http://microsoft.com/schemas/VisualStudio/TeamTest/2010">
  <TestSettings name="Lokal" id="b2d2d2c3-79e7-47e7-bc47-7ecb5392ced3">
    <Description>Dies sind die standardmäßigen Testeinstellungen für einen lokalen Testlauf.</Description>
    <Deployment enabled="false" runDeploymentRoot="s.roth_DEV4167 2013-06-11 16_10_10">
      <DeploymentItem filename="C:\Program Files (x86)\Microsoft ASP.NET\ASP.NET Web Pages\v2.0\Assemblies\WebMatrix.Data.dll" />
      <DeploymentItem filename="C:\Users\s.roth\Documents\Visual Studio 2010\Projects\OnlineShop\packages\DotNetOpenAuth.Core.4.0.3.12153\lib\net40-full\DotNetOpenAuth.Core.dll" />
      <DeploymentItem filename="C:\Program Files (x86)\Microsoft ASP.NET\ASP.NET MVC 4\Assemblies\System.Web.Mvc.dll" />
      <DeploymentItem filename="C:\Users\s.roth\Documents\Visual Studio 2010\Projects\OnlineShop\packages\DotNetOpenAuth.OpenId.RelyingParty.4.0.3.12153\lib\net40-full\DotNetOpenAuth.OpenId.RelyingParty.dll" />
      <DeploymentItem filename="C:\Users\s.roth\Documents\Visual Studio 2010\Projects\OnlineShop\packages\EntityFramework.5.0.0\lib\net40\EntityFramework.dll" />
      <DeploymentItem filename="C:\Users\s.roth\Documents\Visual Studio 2010\Projects\OnlineShop\packages\Newtonsoft.Json.4.5.6\lib\net40\Newtonsoft.Json.dll" />
      <DeploymentItem filename="C:\Program Files (x86)\Microsoft ASP.NET\ASP.NET Web Pages\v2.0\Assemblies\System.Web.WebPages.Razor.dll" />
      <DeploymentItem filename="C:\Program Files (x86)\Microsoft ASP.NET\ASP.NET Web Pages\v2.0\Assemblies\Microsoft.Web.WebPages.OAuth.dll" />
      <DeploymentItem filename="C:\Program Files (x86)\Microsoft ASP.NET\ASP.NET Web Pages\v2.0\Assemblies\System.Web.WebPages.Deployment.dll" />
      <DeploymentItem filename="C:\Users\s.roth\Documents\Visual Studio 2010\Projects\OnlineShop\packages\DotNetOpenAuth.OpenId.Core.4.0.3.12153\lib\net40-full\DotNetOpenAuth.OpenId.dll" />
      <DeploymentItem filename="C:\Program Files (x86)\Microsoft ASP.NET\ASP.NET Web Pages\v2.0\Assemblies\System.Web.Razor.dll" />
      <DeploymentItem filename="C:\Users\s.roth\Documents\Visual Studio 2010\Projects\OnlineShop\packages\DotNetOpenAuth.OAuth.Consumer.4.0.3.12153\lib\net40-full\DotNetOpenAuth.OAuth.Consumer.dll" />
      <DeploymentItem filename="C:\Program Files (x86)\Microsoft ASP.NET\ASP.NET Web Pages\v2.0\Assemblies\System.Web.WebPages.dll" />
      <DeploymentItem filename="C:\Users\s.roth\Documents\Visual Studio 2010\Projects\OnlineShop\packages\Microsoft.AspNet.Web.Optimization.1.0.0\lib\net40\System.Web.Optimization.dll" />
      <DeploymentItem filename="C:\Program Files (x86)\Microsoft ASP.NET\ASP.NET MVC 4\Assemblies\System.Net.Http.dll" />
      <DeploymentItem filename="C:\Program Files (x86)\Microsoft ASP.NET\ASP.NET Web Pages\v2.0\Assemblies\System.Web.Helpers.dll" />
      <DeploymentItem filename="C:\Users\s.roth\Documents\Visual Studio 2010\Projects\OnlineShop\packages\WebGrease.1.1.0\lib\Antlr3.Runtime.dll" />
      <DeploymentItem filename="C:\Users\s.roth\Documents\Visual Studio 2010\Projects\OnlineShop\packages\WebGrease.1.1.0\lib\WebGrease.dll" />
      <DeploymentItem filename="C:\Users\s.roth\Documents\Visual Studio 2010\Projects\OnlineShop\Online_Shop\bin\Online_Shop.dll" />
      <DeploymentItem filename="C:\Program Files (x86)\Microsoft ASP.NET\ASP.NET Web Pages\v2.0\Assemblies\Microsoft.Web.Infrastructure.dll" />
      <DeploymentItem filename="C:\Program Files (x86)\Microsoft ASP.NET\ASP.NET MVC 4\Assemblies\System.Web.Http.dll" />
      <DeploymentItem filename="C:\Users\s.roth\Documents\Visual Studio 2010\Projects\OnlineShop\packages\DotNetOpenAuth.AspNet.4.0.3.12153\lib\net40-full\DotNetOpenAuth.AspNet.dll" />
      <DeploymentItem filename="C:\Program Files (x86)\Microsoft ASP.NET\ASP.NET MVC 4\Assemblies\System.Net.Http.WebRequest.dll" />
      <DeploymentItem filename="C:\Users\s.roth\Documents\Visual Studio 2010\Projects\OnlineShop\packages\DotNetOpenAuth.OAuth.Core.4.0.3.12153\lib\net40-full\DotNetOpenAuth.OAuth.dll" />
      <DeploymentItem filename="C:\Program Files (x86)\Microsoft ASP.NET\ASP.NET MVC 4\Assemblies\System.Net.Http.Formatting.dll" />
      <DeploymentItem filename="C:\Program Files (x86)\Microsoft ASP.NET\ASP.NET MVC 4\Assemblies\System.Web.Http.WebHost.dll" />
      <DeploymentItem filename="C:\Program Files (x86)\Microsoft ASP.NET\ASP.NET Web Pages\v2.0\Assemblies\WebMatrix.WebData.dll" />
    </Deployment>
    <Execution>
      <TestTypeSpecific />
      <AgentRule name="Execution Agents">
      </AgentRule>
    </Execution>
  </TestSettings>
  <Times creation="2013-06-11T16:10:10.1864042+02:00" queuing="2013-06-11T16:10:10.2634119+02:00" start="2013-06-11T16:10:10.3224178+02:00" finish="2013-06-11T16:10:12.6006456+02:00" />
  <ResultSummary outcome="Failed">
    <Counters total="6" executed="6" passed="5" error="0" failed="1" timeout="0" aborted="0" inconclusive="0" passedButRunAborted="0" notRunnable="0" notExecuted="0" disconnected="0" warning="0" completed="0" inProgress="0" pending="0" />
  </ResultSummary>
  <TestDefinitions>
    <UnitTest name="Details" storage="c:\users\s.roth\documents\visual studio 2010\projects\onlineshop\unittestsonlineshop\bin\debug\unittestsonlineshop.dll" id="f44dfcd5-b1cf-5ab5-6115-3f75904ec3a9">
      <Execution id="6a59b482-baed-4593-b2e5-bec47e322563" />
      <TestMethod codeBase="C:/Users/s.roth/Documents/Visual Studio 2010/Projects/OnlineShop/UnitTestsOnlineShop/bin/Debug/UnitTestsOnlineShop.DLL" adapterTypeName="Microsoft.VisualStudio.TestTools.TestTypes.Unit.UnitTestAdapter, Microsoft.VisualStudio.QualityTools.Tips.UnitTest.Adapter, Version=10.0.0.0, Culture=neutral, PublicKeyToken=b03f5f7f11d50a3a" className="UnitTestsOnlineShop.Pos_StoreManagerControllerTest, UnitTestsOnlineShop, Version=1.0.0.0, Culture=neutral, PublicKeyToken=null" name="Details" />
    </UnitTest>
    <UnitTest name="DeleteConfirmed" storage="c:\users\s.roth\documents\visual studio 2010\projects\onlineshop\unittestsonlineshop\bin\debug\unittestsonlineshop.dll" id="6a34627d-fbe6-9398-584b-c756e3e85e96">
      <Execution id="9a07303a-328f-442a-9069-03dd392b3765" />
      <TestMethod codeBase="C:/Users/s.roth/Documents/Visual Studio 2010/Projects/OnlineShop/UnitTestsOnlineShop/bin/Debug/UnitTestsOnlineShop.DLL" adapterTypeName="Microsoft.VisualStudio.TestTools.TestTypes.Unit.UnitTestAdapter, Microsoft.VisualStudio.QualityTools.Tips.UnitTest.Adapter, Version=10.0.0.0, Culture=neutral, PublicKeyToken=b03f5f7f11d50a3a" className="UnitTestsOnlineShop.Pos_StoreManagerControllerTest, UnitTestsOnlineShop, Version=1.0.0.0, Culture=neutral, PublicKeyToken=null" name="DeleteConfirmed" />
    </UnitTest>
    <UnitTest name="Edit" storage="c:\users\s.roth\documents\visual studio 2010\projects\onlineshop\unittestsonlineshop\bin\debug\unittestsonlineshop.dll" id="09cb96cf-71cc-5eaa-4dc1-2911571ae4fa">
      <Execution id="f0dcc397-13ca-4adb-bd4a-1b4722b21703" />
      <TestMethod codeBase="C:/Users/s.roth/Documents/Visual Studio 2010/Projects/OnlineShop/UnitTestsOnlineShop/bin/Debug/UnitTestsOnlineShop.DLL" adapterTypeName="Microsoft.VisualStudio.TestTools.TestTypes.Unit.UnitTestAdapter, Microsoft.VisualStudio.QualityTools.Tips.UnitTest.Adapter, Version=10.0.0.0, Culture=neutral, PublicKeyToken=b03f5f7f11d50a3a" className="UnitTestsOnlineShop.Pos_StoreManagerControllerTest, UnitTestsOnlineShop, Version=1.0.0.0, Culture=neutral, PublicKeyToken=null" name="Edit" />
    </UnitTest>
    <UnitTest name="Index" storage="c:\users\s.roth\documents\visual studio 2010\projects\onlineshop\unittestsonlineshop\bin\debug\unittestsonlineshop.dll" id="52ae6ad8-97b7-3ebe-bd61-025075281116">
      <Execution id="76bc4c5a-5331-46fd-9c73-6223c18b46ca" />
      <TestMethod codeBase="C:/Users/s.roth/Documents/Visual Studio 2010/Projects/OnlineShop/UnitTestsOnlineShop/bin/Debug/UnitTestsOnlineShop.DLL" adapterTypeName="Microsoft.VisualStudio.TestTools.TestTypes.Unit.UnitTestAdapter, Microsoft.VisualStudio.QualityTools.Tips.UnitTest.Adapter, Version=10.0.0.0, Culture=neutral, PublicKeyToken=b03f5f7f11d50a3a" className="UnitTestsOnlineShop.Pos_StoreManagerControllerTest, UnitTestsOnlineShop, Version=1.0.0.0, Culture=neutral, PublicKeyToken=null" name="Index" />
    </UnitTest>
    <UnitTest name="Delete" storage="c:\users\s.roth\documents\visual studio 2010\projects\onlineshop\unittestsonlineshop\bin\debug\unittestsonlineshop.dll" id="a72d1287-3044-6296-60f5-ae52c0fe6067">
      <Execution id="76495254-e41a-477b-8f80-a713622662aa" />
      <TestMethod codeBase="C:/Users/s.roth/Documents/Visual Studio 2010/Projects/OnlineShop/UnitTestsOnlineShop/bin/Debug/UnitTestsOnlineShop.DLL" adapterTypeName="Microsoft.VisualStudio.TestTools.TestTypes.Unit.UnitTestAdapter, Microsoft.VisualStudio.QualityTools.Tips.UnitTest.Adapter, Version=10.0.0.0, Culture=neutral, PublicKeyToken=b03f5f7f11d50a3a" className="UnitTestsOnlineShop.Pos_StoreManagerControllerTest, UnitTestsOnlineShop, Version=1.0.0.0, Culture=neutral, PublicKeyToken=null" name="Delete" />
    </UnitTest>
    <UnitTest name="Create" storage="c:\users\s.roth\documents\visual studio 2010\projects\onlineshop\unittestsonlineshop\bin\debug\unittestsonlineshop.dll" id="e5247cdd-8427-86d8-6f78-4b9b230b3665">
      <Execution id="7d9cb7af-ab92-4083-a15b-0e82fdb3ce69" />
      <TestMethod codeBase="C:/Users/s.roth/Documents/Visual Studio 2010/Projects/OnlineShop/UnitTestsOnlineShop/bin/Debug/UnitTestsOnlineShop.DLL" adapterTypeName="Microsoft.VisualStudio.TestTools.TestTypes.Unit.UnitTestAdapter, Microsoft.VisualStudio.QualityTools.Tips.UnitTest.Adapter, Version=10.0.0.0, Culture=neutral, PublicKeyToken=b03f5f7f11d50a3a" className="UnitTestsOnlineShop.Pos_StoreManagerControllerTest, UnitTestsOnlineShop, Version=1.0.0.0, Culture=neutral, PublicKeyToken=null" name="Create" />
    </UnitTest>
  </TestDefinitions>
  <TestLists>
    <TestList name="Nicht in einer Liste enthaltene Ergebnisse" id="8c84fa94-04c1-424b-9868-57a2d4851a1d" />
    <TestList name="Alle geladenen Ergebnisse" id="19431567-8539-422a-85d7-44ee4e166bda" />
  </TestLists>
  <TestEntries>
    <TestEntry testId="09cb96cf-71cc-5eaa-4dc1-2911571ae4fa" executionId="f0dcc397-13ca-4adb-bd4a-1b4722b21703" testListId="8c84fa94-04c1-424b-9868-57a2d4851a1d" />
    <TestEntry testId="52ae6ad8-97b7-3ebe-bd61-025075281116" executionId="76bc4c5a-5331-46fd-9c73-6223c18b46ca" testListId="8c84fa94-04c1-424b-9868-57a2d4851a1d" />
    <TestEntry testId="6a34627d-fbe6-9398-584b-c756e3e85e96" executionId="9a07303a-328f-442a-9069-03dd392b3765" testListId="8c84fa94-04c1-424b-9868-57a2d4851a1d" />
    <TestEntry testId="a72d1287-3044-6296-60f5-ae52c0fe6067" executionId="76495254-e41a-477b-8f80-a713622662aa" testListId="8c84fa94-04c1-424b-9868-57a2d4851a1d" />
    <TestEntry testId="e5247cdd-8427-86d8-6f78-4b9b230b3665" executionId="7d9cb7af-ab92-4083-a15b-0e82fdb3ce69" testListId="8c84fa94-04c1-424b-9868-57a2d4851a1d" />
    <TestEntry testId="f44dfcd5-b1cf-5ab5-6115-3f75904ec3a9" executionId="6a59b482-baed-4593-b2e5-bec47e322563" testListId="8c84fa94-04c1-424b-9868-57a2d4851a1d" />
  </TestEntries>
  <Results>
    <UnitTestResult executionId="f0dcc397-13ca-4adb-bd4a-1b4722b21703" testId="09cb96cf-71cc-5eaa-4dc1-2911571ae4fa" testName="Edit" computerName="DEV4167" duration="00:00:01.5405733" startTime="2013-06-11T16:10:10.4284284+02:00" endTime="2013-06-11T16:10:12.3336189+02:00" testType="13cdc9d9-ddb5-4fa4-a97d-d965ccfc6d4b" outcome="Passed" testListId="8c84fa94-04c1-424b-9868-57a2d4851a1d" relativeResultsDirectory="f0dcc397-13ca-4adb-bd4a-1b4722b21703">
    </UnitTestResult>
    <UnitTestResult executionId="76bc4c5a-5331-46fd-9c73-6223c18b46ca" testId="52ae6ad8-97b7-3ebe-bd61-025075281116" testName="Index" computerName="DEV4167" duration="00:00:00.0544123" startTime="2013-06-11T16:10:12.3356191+02:00" endTime="2013-06-11T16:10:12.3996255+02:00" testType="13cdc9d9-ddb5-4fa4-a97d-d965ccfc6d4b" outcome="Passed" testListId="8c84fa94-04c1-424b-9868-57a2d4851a1d" relativeResultsDirectory="76bc4c5a-5331-46fd-9c73-6223c18b46ca">
    </UnitTestResult>
    <UnitTestResult executionId="9a07303a-328f-442a-9069-03dd392b3765" testId="6a34627d-fbe6-9398-584b-c756e3e85e96" testName="DeleteConfirmed" computerName="DEV4167" duration="00:00:00.0301708" startTime="2013-06-11T16:10:12.4066262+02:00" endTime="2013-06-11T16:10:12.4416297+02:00" testType="13cdc9d9-ddb5-4fa4-a97d-d965ccfc6d4b" outcome="Failed" testListId="8c84fa94-04c1-424b-9868-57a2d4851a1d" relativeResultsDirectory="9a07303a-328f-442a-9069-03dd392b3765">
      <Output>
        <ErrorInfo>
          <Message>Assert.IsNotNull failed. </Message>
          <StackTrace>   at UnitTestsOnlineShop.Pos_StoreManagerControllerTest.DeleteConfirmed() in C:\Users\s.roth\Documents\Visual Studio 2010\Projects\OnlineShop\UnitTestsOnlineShop\Controller Tests Positive\Pos_StoreManagerControllerTest.cs:line 129
</StackTrace>
        </ErrorInfo>
      </Output>
    </UnitTestResult>
    <UnitTestResult executionId="76495254-e41a-477b-8f80-a713622662aa" testId="a72d1287-3044-6296-60f5-ae52c0fe6067" testName="Delete" computerName="DEV4167" duration="00:00:00.0639061" startTime="2013-06-11T16:10:12.4456301+02:00" endTime="2013-06-11T16:10:12.5156371+02:00" testType="13cdc9d9-ddb5-4fa4-a97d-d965ccfc6d4b" outcome="Passed" testListId="8c84fa94-04c1-424b-9868-57a2d4851a1d" relativeResultsDirectory="76495254-e41a-477b-8f80-a713622662aa">
    </UnitTestResult>
    <UnitTestResult executionId="7d9cb7af-ab92-4083-a15b-0e82fdb3ce69" testId="e5247cdd-8427-86d8-6f78-4b9b230b3665" testName="Create" computerName="DEV4167" duration="00:00:00.0023126" startTime="2013-06-11T16:10:12.5216377+02:00" endTime="2013-06-11T16:10:12.5346390+02:00" testType="13cdc9d9-ddb5-4fa4-a97d-d965ccfc6d4b" outcome="Passed" testListId="8c84fa94-04c1-424b-9868-57a2d4851a1d" relativeResultsDirectory="7d9cb7af-ab92-4083-a15b-0e82fdb3ce69">
    </UnitTestResult>
    <UnitTestResult executionId="6a59b482-baed-4593-b2e5-bec47e322563" testId="f44dfcd5-b1cf-5ab5-6115-3f75904ec3a9" testName="Details" computerName="DEV4167" duration="00:00:00.0133857" startTime="2013-06-11T16:10:12.5386394+02:00" endTime="2013-06-11T16:10:12.5636419+02:00" testType="13cdc9d9-ddb5-4fa4-a97d-d965ccfc6d4b" outcome="Passed" testListId="8c84fa94-04c1-424b-9868-57a2d4851a1d" relativeResultsDirectory="6a59b482-baed-4593-b2e5-bec47e322563">
    </UnitTestResult>
  </Results>
</TestRun>